******************************************************************************
                  TI ARM Linker Unix v20.2.7                   
******************************************************************************
>> Linked Sat Jun 28 17:49:19 2025

OUTPUT FILE NAME:   <tm4c123x_Drivers.out>
ENTRY POINT SYMBOL: "_c_int00_noinit_noargs"  address: 00000d4d


MEMORY CONFIGURATION

         name            origin    length      used     unused   attr    fill
----------------------  --------  ---------  --------  --------  ----  --------
  FLASH                 00000000   00040000  00000d8c  0003f274  R  X
  SRAM                  20000000   00008000  00000200  00007e00  RW X


SEGMENT ALLOCATION MAP

run origin  load origin   length   init length attrs members
----------  ----------- ---------- ----------- ----- -------
00000000    00000000    00000d8c   00000d8c    r-x
  00000000    00000000    0000026c   0000026c    r-- .intvecs
  0000026c    0000026c    00000b20   00000b20    r-x .text
20000000    20000000    00000200   00000000    rw-
  20000000    20000000    00000200   00000000    rw- .stack


SECTION ALLOCATION MAP

 output                                  attributes/
section   page    origin      length       input sections
--------  ----  ----------  ----------   ----------------
.intvecs   0    00000000    0000026c     
                  00000000    0000026c     tm4c123gh6pm_startup_ccs.obj (.intvecs)

.text      0    0000026c    00000b20     
                  0000026c    00000988     tm4c123x_gpio_driver.obj (.text)
                  00000bf4    000000dc     004button_int.obj (.text)
                  00000cd0    0000007a     rtsv7M4_T_le_v4SPD16_eabi.lib : memset_t2.asm.obj (.text)
                  00000d4a    00000002     --HOLE-- [fill = 0]
                  00000d4c    0000002c                                   : boot_cortex_m.c.obj (.text:_c_int00_noinit_noargs:_c_int00_noinit_noargs)
                  00000d78    0000000c     tm4c123gh6pm_startup_ccs.obj (.text)
                  00000d84    00000004     rtsv7M4_T_le_v4SPD16_eabi.lib : pre_init.c.obj (.text:_system_pre_init)
                  00000d88    00000004                                   : exit.c.obj (.text:abort:abort)

.cinit     0    00000000    00000000     UNINITIALIZED

.init_array 
*          0    00000000    00000000     UNINITIALIZED

.stack     0    20000000    00000200     UNINITIALIZED
                  20000000    00000004     rtsv7M4_T_le_v4SPD16_eabi.lib : boot_cortex_m.c.obj (.stack)
                  20000004    000001fc     --HOLE--

__llvm_prf_cnts 
*          0    20000000    00000000     UNINITIALIZED

MODULE SUMMARY

       Module                         code   ro data   rw data
       ------                         ----   -------   -------
    ./
       tm4c123gh6pm_startup_ccs.obj   12     620       0      
    +--+------------------------------+------+---------+---------+
       Total:                         12     620       0      
                                                              
    ./drivers/src/
       tm4c123x_gpio_driver.obj       2440   0         0      
    +--+------------------------------+------+---------+---------+
       Total:                         2440   0         0      
                                                              
    ./src/
       004button_int.obj              220    0         0      
    +--+------------------------------+------+---------+---------+
       Total:                         220    0         0      
                                                              
    /home/tabrez/Documents/ccs1281/ccs/tools/compiler/ti-cgt-arm_20.2.7.LTS/lib/rtsv7M4_T_le_v4SPD16_eabi.lib
       memset_t2.asm.obj              122    0         0      
       boot_cortex_m.c.obj            44     0         0      
       exit.c.obj                     4      0         0      
       pre_init.c.obj                 4      0         0      
    +--+------------------------------+------+---------+---------+
       Total:                         174    0         0      
                                                              
       Stack:                         0      0         512    
    +--+------------------------------+------+---------+---------+
       Grand Total:                   2846   620       512    


GLOBAL SYMBOLS: SORTED ALPHABETICALLY BY Name 

address   name                   
-------   ----                   
00000d89  C$$EXIT                
00000ca7  GPIOF_IRQHandler       
00000833  GPIO_DeInit            
00000b83  GPIO_IRQHandling       
00000a21  GPIO_IRQInterruptConfig
00000b1d  GPIO_IRQPriorityConfig 
0000047d  GPIO_Init              
000002cf  GPIO_PeriClockControl  
0000092d  GPIO_ReadFromInputPin  
00000969  GPIO_ReadFromInputPort 
000009e7  GPIO_ToggleOutputPin   
00000983  GPIO_WriteToOutputPin  
000009cb  GPIO_WriteToOutputPort 
00000d79  ResetISR               
20000200  __STACK_END            
00000200  __STACK_SIZE           
20000200  __STACK_TOP            
ffffffff  __TI_pprof_out_hndl    
ffffffff  __TI_prof_data_size    
ffffffff  __TI_prof_data_start   
00000000  __TI_static_base__     
00000cd1  __aeabi_memclr         
00000cd1  __aeabi_memclr4        
00000cd1  __aeabi_memclr8        
00000cd3  __aeabi_memset         
00000cd3  __aeabi_memset4        
00000cd3  __aeabi_memset8        
ffffffff  __binit__              
ffffffff  __c_args__             
UNDEFED   __mpu_init             
20000000  __stack                
20000000  __start___llvm_prf_cnts
20000000  __stop___llvm_prf_cnts 
00000d4d  _c_int00_noinit_noargs 
00000d85  _system_pre_init       
00000d89  abort                  
ffffffff  binit                  
00000c05  delay                  
00000000  g_pfnVectors           
00000c23  main                   
00000cd9  memset                 


GLOBAL SYMBOLS: SORTED BY Symbol Address 

address   name                   
-------   ----                   
00000000  __TI_static_base__     
00000000  g_pfnVectors           
00000200  __STACK_SIZE           
000002cf  GPIO_PeriClockControl  
0000047d  GPIO_Init              
00000833  GPIO_DeInit            
0000092d  GPIO_ReadFromInputPin  
00000969  GPIO_ReadFromInputPort 
00000983  GPIO_WriteToOutputPin  
000009cb  GPIO_WriteToOutputPort 
000009e7  GPIO_ToggleOutputPin   
00000a21  GPIO_IRQInterruptConfig
00000b1d  GPIO_IRQPriorityConfig 
00000b83  GPIO_IRQHandling       
00000c05  delay                  
00000c23  main                   
00000ca7  GPIOF_IRQHandler       
00000cd1  __aeabi_memclr         
00000cd1  __aeabi_memclr4        
00000cd1  __aeabi_memclr8        
00000cd3  __aeabi_memset         
00000cd3  __aeabi_memset4        
00000cd3  __aeabi_memset8        
00000cd9  memset                 
00000d4d  _c_int00_noinit_noargs 
00000d79  ResetISR               
00000d85  _system_pre_init       
00000d89  C$$EXIT                
00000d89  abort                  
20000000  __stack                
20000000  __start___llvm_prf_cnts
20000000  __stop___llvm_prf_cnts 
20000200  __STACK_END            
20000200  __STACK_TOP            
ffffffff  __TI_pprof_out_hndl    
ffffffff  __TI_prof_data_size    
ffffffff  __TI_prof_data_start   
ffffffff  __binit__              
ffffffff  __c_args__             
ffffffff  binit                  
UNDEFED   __mpu_init             

[41 symbols]
